{
    "test_qcatch - 1k_pbmc_v3": {
        "content": [
            [
                [
                    {
                        "id": "1k_pbmc_v3"
                    },
                    "1k_pbmc_v3_metrics_summary.csv:md5,22deb2f3aea4e4abf476970576362428"
                ]
            ],
            [
                "versions.yml:md5,46f73aa6be1b23a13365040ab92e22af"
            ]
        ],
        "meta": {
            "nf-test": "0.9.3",
            "nextflow": "25.10.2"
        },
        "timestamp": "2026-02-16T17:16:50.990119693"
    },
    "test_qcatch - stub": {
        "content": [
            {
                "0": [
                    [
                        {
                            "id": "test_stub"
                        },
                        "test_stub_qcatch_report.html:md5,d41d8cd98f00b204e9800998ecf8427e"
                    ]
                ],
                "1": [
                    [
                        {
                            "id": "test_stub"
                        },
                        "test_stub_filtered_quants.h5ad:md5,d41d8cd98f00b204e9800998ecf8427e"
                    ]
                ],
                "2": [
                    [
                        {
                            "id": "test_stub"
                        },
                        "test_stub_metrics_summary.csv:md5,d41d8cd98f00b204e9800998ecf8427e"
                    ]
                ],
                "3": [
                    "versions.yml:md5,46f73aa6be1b23a13365040ab92e22af"
                ],
                "filtered_h5ad": [
                    [
                        {
                            "id": "test_stub"
                        },
                        "test_stub_filtered_quants.h5ad:md5,d41d8cd98f00b204e9800998ecf8427e"
                    ]
                ],
                "metrics_summary": [
                    [
                        {
                            "id": "test_stub"
                        },
                        "test_stub_metrics_summary.csv:md5,d41d8cd98f00b204e9800998ecf8427e"
                    ]
                ],
                "report": [
                    [
                        {
                            "id": "test_stub"
                        },
                        "test_stub_qcatch_report.html:md5,d41d8cd98f00b204e9800998ecf8427e"
                    ]
                ],
                "versions": [
                    "versions.yml:md5,46f73aa6be1b23a13365040ab92e22af"
                ]
            }
        ],
        "meta": {
            "nf-test": "0.9.3",
            "nextflow": "25.10.2"
        },
        "timestamp": "2026-02-16T17:05:16.904806321"
    }
}