{
    "test_qcatch - 1k_pbmc_v3": {
        "content": [
            5127487,
            [
                [
                    {
                        "id": "1k_pbmc_v3"
                    },
                    "1k_pbmc_v3_filtered_quants.h5ad:md5,2bf3a686b65c54d9e8f97c3f6728f354"
                ]
            ],
            [
                [
                    {
                        "id": "1k_pbmc_v3"
                    },
                    "1k_pbmc_v3_metrics_summary.csv:md5,6a6523475f525570e3c276fee481c5a2"
                ]
            ],
            [
                "versions.yml:md5,85d6c24bb4fe57161bd6b9ee6493d1e7"
            ]
        ],
        "meta": {
            "nf-test": "0.9.3",
            "nextflow": "25.10.2"
        },
        "timestamp": "2026-02-21T20:42:26.779729787"
    },
    "test_qcatch - stub": {
        "content": [
            {
                "0": [
                    [
                        {
                            "id": "test_stub"
                        },
                        "test_stub_qcatch_report.html:md5,d41d8cd98f00b204e9800998ecf8427e"
                    ]
                ],
                "1": [
                    [
                        {
                            "id": "test_stub"
                        },
                        "test_stub_filtered_quants.h5ad:md5,d41d8cd98f00b204e9800998ecf8427e"
                    ]
                ],
                "2": [
                    [
                        {
                            "id": "test_stub"
                        },
                        "test_stub_metrics_summary.csv:md5,d41d8cd98f00b204e9800998ecf8427e"
                    ]
                ],
                "3": [
                    "versions.yml:md5,85d6c24bb4fe57161bd6b9ee6493d1e7"
                ],
                "filtered_h5ad": [
                    [
                        {
                            "id": "test_stub"
                        },
                        "test_stub_filtered_quants.h5ad:md5,d41d8cd98f00b204e9800998ecf8427e"
                    ]
                ],
                "metrics_summary": [
                    [
                        {
                            "id": "test_stub"
                        },
                        "test_stub_metrics_summary.csv:md5,d41d8cd98f00b204e9800998ecf8427e"
                    ]
                ],
                "report": [
                    [
                        {
                            "id": "test_stub"
                        },
                        "test_stub_qcatch_report.html:md5,d41d8cd98f00b204e9800998ecf8427e"
                    ]
                ],
                "versions": [
                    "versions.yml:md5,85d6c24bb4fe57161bd6b9ee6493d1e7"
                ]
            }
        ],
        "meta": {
            "nf-test": "0.9.3",
            "nextflow": "25.10.2"
        },
        "timestamp": "2026-02-21T20:01:32.227029581"
    }
}